loading docs scale_rank < 100000 …
loaded 99998 docs in 5.7s
BM25 N=5000 docs=5000 …
  Hit@10=0.855 Hit@1=0.740 MRR=0.772 (5.3s)
BM25 N=10000 docs=10000 …
  Hit@10=0.815 Hit@1=0.695 MRR=0.732 (12.3s)
BM25 N=15000 docs=15000 …
  Hit@10=0.800 Hit@1=0.665 MRR=0.708 (21.1s)
BM25 N=20000 docs=20000 …
  Hit@10=0.790 Hit@1=0.655 MRR=0.697 (31.0s)
BM25 N=25000 docs=25000 …
  Hit@10=0.780 Hit@1=0.630 MRR=0.678 (39.6s)
BM25 N=40000 docs=39999 …
  Hit@10=0.750 Hit@1=0.595 MRR=0.645 (65.3s)
BM25 N=50000 docs=49999 …
  Hit@10=0.745 Hit@1=0.560 MRR=0.623 (82.1s)
BM25 N=75000 docs=74999 …
  Hit@10=0.715 Hit@1=0.530 MRR=0.595 (123.5s)
BM25 N=100000 docs=99998 …
  Hit@10=0.700 Hit@1=0.510 MRR=0.575 (164.7s)
wrote artifacts/published/erb_bm25_baseline_primary200.json
wrote artifacts/published/erb_bm25_baseline_primary200.md
